// Jest Snapshot v1, https://goo.gl/fbAQLP

exports[`<Footer /> renders properly with data 1`] = `
<div
  class="StyledFooter__Container-sc-1paoa24-0 jKVrto"
>
  <div
    class="StyledFooter__Title-sc-1paoa24-5 hGnbjP"
  >
    Questions?
  </div>
  <div
    class="StyledFooter__Break-sc-1paoa24-3 dFnxfs"
  />
  <div
    class="StyledFooter__Row-sc-1paoa24-2 jWdNWm"
  >
    <div
      class="StyledFooter__Column-sc-1paoa24-1 cjkZLr"
    >
      <a
        class="StyledFooter__Link-sc-1paoa24-4 bbZvbY"
        href="#"
      >
        FAQ
      </a>
    </div>
  </div>
  <p
    class="StyledFooter__Text-sc-1paoa24-6 hJLVaM"
  >
    Netflix Poland
  </p>
</div>
`;
