// Jest Snapshot v1, https://goo.gl/fbAQLP

exports[`<Loading/> renders properly with Spinner 1`] = `
<div
  class="sc-bdnylx fkQpjt"
  data-testid="loading"
>
  <img
    class="sc-gtssRu kRnqZW"
    data-testid="loading-picture"
    src="/assets/images/profiles/assets/images/fake.png.png"
  />
</div>
`;
